Note: source\Maja\MajaBranch.java uses unchecked or unsafe operations.
Note: Recompile with -Xlint:unchecked for details.
